Archive member included to satisfy reference by file (symbol)

c:/st/stm32cubeide_1.5.1/stm32cubeide/plugins/com.st.stm32cube.ide.mcu.externaltools.gnu-tools-for-stm32.7-2018-q2-update.win32_1.5.0.202011040924/tools/bin/../lib/gcc/arm-none-eabi/7.3.1/../../../../arm-none-eabi/lib/thumb/v7e-m/fpv4-sp/hard\libc_nano.a(lib_a-errno.o)
                              Core/Src/syscalls.o (__errno)
c:/st/stm32cubeide_1.5.1/stm32cubeide/plugins/com.st.stm32cube.ide.mcu.externaltools.gnu-tools-for-stm32.7-2018-q2-update.win32_1.5.0.202011040924/tools/bin/../lib/gcc/arm-none-eabi/7.3.1/../../../../arm-none-eabi/lib/thumb/v7e-m/fpv4-sp/hard\libc_nano.a(lib_a-exit.o)
                              c:/st/stm32cubeide_1.5.1/stm32cubeide/plugins/com.st.stm32cube.ide.mcu.externaltools.gnu-tools-for-stm32.7-2018-q2-update.win32_1.5.0.202011040924/tools/bin/../lib/gcc/arm-none-eabi/7.3.1/../../../../arm-none-eabi/lib/thumb/v7e-m/fpv4-sp/hard/crt0.o (exit)
c:/st/stm32cubeide_1.5.1/stm32cubeide/plugins/com.st.stm32cube.ide.mcu.externaltools.gnu-tools-for-stm32.7-2018-q2-update.win32_1.5.0.202011040924/tools/bin/../lib/gcc/arm-none-eabi/7.3.1/../../../../arm-none-eabi/lib/thumb/v7e-m/fpv4-sp/hard\libc_nano.a(lib_a-impure.o)
                              c:/st/stm32cubeide_1.5.1/stm32cubeide/plugins/com.st.stm32cube.ide.mcu.externaltools.gnu-tools-for-stm32.7-2018-q2-update.win32_1.5.0.202011040924/tools/bin/../lib/gcc/arm-none-eabi/7.3.1/../../../../arm-none-eabi/lib/thumb/v7e-m/fpv4-sp/hard\libc_nano.a(lib_a-exit.o) (_global_impure_ptr)
c:/st/stm32cubeide_1.5.1/stm32cubeide/plugins/com.st.stm32cube.ide.mcu.externaltools.gnu-tools-for-stm32.7-2018-q2-update.win32_1.5.0.202011040924/tools/bin/../lib/gcc/arm-none-eabi/7.3.1/../../../../arm-none-eabi/lib/thumb/v7e-m/fpv4-sp/hard\libc_nano.a(lib_a-init.o)
                              c:/st/stm32cubeide_1.5.1/stm32cubeide/plugins/com.st.stm32cube.ide.mcu.externaltools.gnu-tools-for-stm32.7-2018-q2-update.win32_1.5.0.202011040924/tools/bin/../lib/gcc/arm-none-eabi/7.3.1/../../../../arm-none-eabi/lib/thumb/v7e-m/fpv4-sp/hard/crt0.o (__libc_init_array)
c:/st/stm32cubeide_1.5.1/stm32cubeide/plugins/com.st.stm32cube.ide.mcu.externaltools.gnu-tools-for-stm32.7-2018-q2-update.win32_1.5.0.202011040924/tools/bin/../lib/gcc/arm-none-eabi/7.3.1/../../../../arm-none-eabi/lib/thumb/v7e-m/fpv4-sp/hard\libc_nano.a(lib_a-memset.o)
                              c:/st/stm32cubeide_1.5.1/stm32cubeide/plugins/com.st.stm32cube.ide.mcu.externaltools.gnu-tools-for-stm32.7-2018-q2-update.win32_1.5.0.202011040924/tools/bin/../lib/gcc/arm-none-eabi/7.3.1/../../../../arm-none-eabi/lib/thumb/v7e-m/fpv4-sp/hard/crt0.o (memset)

Allocating common symbols
Common symbol       size              file

PCD8544_y           0x1               NokiaLCD/stm32f4_pcd8544.o
PCD8544_x           0x1               NokiaLCD/stm32f4_pcd8544.o
PCD8544_Buffer      0x1f8             NokiaLCD/stm32f4_pcd8544.o
hy                  0x1               Core/Src/main.o
grid                0xfc              Core/Src/main.o
uwTick              0x4               Drivers/STM32F3xx_HAL_Driver/Src/stm32f3xx_hal.o
pFlash              0x20              Drivers/STM32F3xx_HAL_Driver/Src/stm32f3xx_hal_flash.o
hspi3               0x64              Core/Src/main.o
tx                  0x1               Core/Src/main.o
dx                  0x1               Core/Src/main.o
lfsr                0x2               Core/Src/main.o
htim1               0x4c              Core/Src/main.o
dy                  0x1               Core/Src/main.o
ty                  0x1               Core/Src/main.o
hx                  0x1               Core/Src/main.o

Discarded input sections

 .text          0x0000000000000000        0x0 c:/st/stm32cubeide_1.5.1/stm32cubeide/plugins/com.st.stm32cube.ide.mcu.externaltools.gnu-tools-for-stm32.7-2018-q2-update.win32_1.5.0.202011040924/tools/bin/../lib/gcc/arm-none-eabi/7.3.1/thumb/v7e-m/fpv4-sp/hard/crti.o
 .data          0x0000000000000000        0x0 c:/st/stm32cubeide_1.5.1/stm32cubeide/plugins/com.st.stm32cube.ide.mcu.externaltools.gnu-tools-for-stm32.7-2018-q2-update.win32_1.5.0.202011040924/tools/bin/../lib/gcc/arm-none-eabi/7.3.1/thumb/v7e-m/fpv4-sp/hard/crti.o
 .bss           0x0000000000000000        0x0 c:/st/stm32cubeide_1.5.1/stm32cubeide/plugins/com.st.stm32cube.ide.mcu.externaltools.gnu-tools-for-stm32.7-2018-q2-update.win32_1.5.0.202011040924/tools/bin/../lib/gcc/arm-none-eabi/7.3.1/thumb/v7e-m/fpv4-sp/hard/crti.o
 .data          0x0000000000000000        0x4 c:/st/stm32cubeide_1.5.1/stm32cubeide/plugins/com.st.stm32cube.ide.mcu.externaltools.gnu-tools-for-stm32.7-2018-q2-update.win32_1.5.0.202011040924/tools/bin/../lib/gcc/arm-none-eabi/7.3.1/thumb/v7e-m/fpv4-sp/hard/crtbegin.o
[...]
Memory Configuration

Name             Origin             Length             Attributes
CCMRAM           0x0000000010000000 0x0000000000002000 xrw
RAM              0x0000000020000000 0x000000000000a000 xrw
FLASH            0x0000000008000000 0x0000000000040000 xr
*default*        0x0000000000000000 0xffffffffffffffff

Linker script and memory map

LOAD c:/st/stm32cubeide_1.5.1/stm32cubeide/plugins/com.st.stm32cube.ide.mcu.externaltools.gnu-tools-for-stm32.7-2018-q2-update.win32_1.5.0.202011040924/tools/bin/../lib/gcc/arm-none-eabi/7.3.1/thumb/v7e-m/fpv4-sp/hard/crti.o
LOAD c:/st/stm32cubeide_1.5.1/stm32cubeide/plugins/com.st.stm32cube.ide.mcu.externaltools.gnu-tools-for-stm32.7-2018-q2-update.win32_1.5.0.202011040924/tools/bin/../lib/gcc/arm-none-eabi/7.3.1/thumb/v7e-m/fpv4-sp/hard/crtbegin.o
LOAD c:/st/stm32cubeide_1.5.1/stm32cubeide/plugins/com.st.stm32cube.ide.mcu.externaltools.gnu-tools-for-stm32.7-2018-q2-update.win32_1.5.0.202011040924/tools/bin/../lib/gcc/arm-none-eabi/7.3.1/../../../../arm-none-eabi/lib/thumb/v7e-m/fpv4-sp/hard/crt0.o
LOAD Core/Src/main.o
LOAD Core/Src/stm32f3xx_hal_msp.o
LOAD Core/Src/stm32f3xx_it.o
LOAD Core/Src/syscalls.o
LOAD Core/Src/sysmem.o
LOAD Core/Src/system_stm32f3xx.o
LOAD Core/Startup/startup_stm32f303vctx.o
LOAD Drivers/STM32F3xx_HAL_Driver/Src/stm32f3xx_hal.o
LOAD Drivers/STM32F3xx_HAL_Driver/Src/stm32f3xx_hal_cortex.o
LOAD Drivers/STM32F3xx_HAL_Driver/Src/stm32f3xx_hal_dma.o
LOAD Drivers/STM32F3xx_HAL_Driver/Src/stm32f3xx_hal_exti.o
LOAD Drivers/STM32F3xx_HAL_Driver/Src/stm32f3xx_hal_flash.o
LOAD Drivers/STM32F3xx_HAL_Driver/Src/stm32f3xx_hal_flash_ex.o
LOAD Drivers/STM32F3xx_HAL_Driver/Src/stm32f3xx_hal_gpio.o
LOAD Drivers/STM32F3xx_HAL_Driver/Src/stm32f3xx_hal_i2c.o
LOAD Drivers/STM32F3xx_HAL_Driver/Src/stm32f3xx_hal_i2c_ex.o
LOAD Drivers/STM32F3xx_HAL_Driver/Src/stm32f3xx_hal_pwr.o
LOAD Drivers/STM32F3xx_HAL_Driver/Src/stm32f3xx_hal_pwr_ex.o
LOAD Drivers/STM32F3xx_HAL_Driver/Src/stm32f3xx_hal_rcc.o
LOAD Drivers/STM32F3xx_HAL_Driver/Src/stm32f3xx_hal_rcc_ex.o
LOAD Drivers/STM32F3xx_HAL_Driver/Src/stm32f3xx_hal_spi.o
LOAD Drivers/STM32F3xx_HAL_Driver/Src/stm32f3xx_hal_spi_ex.o
LOAD Drivers/STM32F3xx_HAL_Driver/Src/stm32f3xx_hal_tim.o
LOAD Drivers/STM32F3xx_HAL_Driver/Src/stm32f3xx_hal_tim_ex.o
LOAD NokiaLCD/stm32f4_pcd8544.o
START GROUP
LOAD c:/st/stm32cubeide_1.5.1/stm32cubeide/plugins/com.st.stm32cube.ide.mcu.externaltools.gnu-tools-for-stm32.7-2018-q2-update.win32_1.5.0.202011040924/tools/bin/../lib/gcc/arm-none-eabi/7.3.1/../../../../arm-none-eabi/lib/thumb/v7e-m/fpv4-sp/hard\libc_nano.a
LOAD c:/st/stm32cubeide_1.5.1/stm32cubeide/plugins/com.st.stm32cube.ide.mcu.externaltools.gnu-tools-for-stm32.7-2018-q2-update.win32_1.5.0.202011040924/tools/bin/../lib/gcc/arm-none-eabi/7.3.1/../../../../arm-none-eabi/lib/thumb/v7e-m/fpv4-sp/hard\libm.a
END GROUP
START GROUP
LOAD c:/st/stm32cubeide_1.5.1/stm32cubeide/plugins/com.st.stm32cube.ide.mcu.externaltools.gnu-tools-for-stm32.7-2018-q2-update.win32_1.5.0.202011040924/tools/bin/../lib/gcc/arm-none-eabi/7.3.1/thumb/v7e-m/fpv4-sp/hard\libgcc.a
LOAD c:/st/stm32cubeide_1.5.1/stm32cubeide/plugins/com.st.stm32cube.ide.mcu.externaltools.gnu-tools-for-stm32.7-2018-q2-update.win32_1.5.0.202011040924/tools/bin/../lib/gcc/arm-none-eabi/7.3.1/../../../../arm-none-eabi/lib/thumb/v7e-m/fpv4-sp/hard\libc_nano.a
END GROUP
START GROUP
LOAD c:/st/stm32cubeide_1.5.1/stm32cubeide/plugins/com.st.stm32cube.ide.mcu.externaltools.gnu-tools-for-stm32.7-2018-q2-update.win32_1.5.0.202011040924/tools/bin/../lib/gcc/arm-none-eabi/7.3.1/thumb/v7e-m/fpv4-sp/hard\libgcc.a
LOAD c:/st/stm32cubeide_1.5.1/stm32cubeide/plugins/com.st.stm32cube.ide.mcu.externaltools.gnu-tools-for-stm32.7-2018-q2-update.win32_1.5.0.202011040924/tools/bin/../lib/gcc/arm-none-eabi/7.3.1/../../../../arm-none-eabi/lib/thumb/v7e-m/fpv4-sp/hard\libc_nano.a
LOAD c:/st/stm32cubeide_1.5.1/stm32cubeide/plugins/com.st.stm32cube.ide.mcu.externaltools.gnu-tools-for-stm32.7-2018-q2-update.win32_1.5.0.202011040924/tools/bin/../lib/gcc/arm-none-eabi/7.3.1/../../../../arm-none-eabi/lib/thumb/v7e-m/fpv4-sp/hard\libnosys.a
END GROUP
START GROUP
LOAD c:/st/stm32cubeide_1.5.1/stm32cubeide/plugins/com.st.stm32cube.ide.mcu.externaltools.gnu-tools-for-stm32.7-2018-q2-update.win32_1.5.0.202011040924/tools/bin/../lib/gcc/arm-none-eabi/7.3.1/thumb/v7e-m/fpv4-sp/hard\libgcc.a
LOAD c:/st/stm32cubeide_1.5.1/stm32cubeide/plugins/com.st.stm32cube.ide.mcu.externaltools.gnu-tools-for-stm32.7-2018-q2-update.win32_1.5.0.202011040924/tools/bin/../lib/gcc/arm-none-eabi/7.3.1/../../../../arm-none-eabi/lib/thumb/v7e-m/fpv4-sp/hard\libc_nano.a
LOAD c:/st/stm32cubeide_1.5.1/stm32cubeide/plugins/com.st.stm32cube.ide.mcu.externaltools.gnu-tools-for-stm32.7-2018-q2-update.win32_1.5.0.202011040924/tools/bin/../lib/gcc/arm-none-eabi/7.3.1/../../../../arm-none-eabi/lib/thumb/v7e-m/fpv4-sp/hard\libnosys.a
END GROUP
LOAD c:/st/stm32cubeide_1.5.1/stm32cubeide/plugins/com.st.stm32cube.ide.mcu.externaltools.gnu-tools-for-stm32.7-2018-q2-update.win32_1.5.0.202011040924/tools/bin/../lib/gcc/arm-none-eabi/7.3.1/thumb/v7e-m/fpv4-sp/hard/crtend.o
LOAD c:/st/stm32cubeide_1.5.1/stm32cubeide/plugins/com.st.stm32cube.ide.mcu.externaltools.gnu-tools-for-stm32.7-2018-q2-update.win32_1.5.0.202011040924/tools/bin/../lib/gcc/arm-none-eabi/7.3.1/thumb/v7e-m/fpv4-sp/hard/crtn.o
                0x000000002000a000                _estack = (ORIGIN (RAM) + LENGTH (RAM))
                0x0000000000000200                _Min_Heap_Size = 0x200
                0x0000000000000400                _Min_Stack_Size = 0x400

.isr_vector     0x0000000008000000      0x188
                0x0000000008000000                . = ALIGN (0x4)
 *(.isr_vector)
 .isr_vector    0x0000000008000000      0x188 Core/Startup/startup_stm32f303vctx.o
                0x0000000008000000                g_pfnVectors
                0x0000000008000188                . = ALIGN (0x4)

.text           0x0000000008000188     0x4728
                0x0000000008000188                . = ALIGN (0x4)
 *(.text)
 .text          0x0000000008000188       0x40 c:/st/stm32cubeide_1.5.1/stm32cubeide/plugins/com.st.stm32cube.ide.mcu.externaltools.gnu-tools-for-stm32.7-2018-q2-update.win32_1.5.0.202011040924/tools/bin/../lib/gcc/arm-none-eabi/7.3.1/thumb/v7e-m/fpv4-sp/hard/crtbegin.o
 *(.text*)
 .text.lfsrrand
                0x00000000080001c8       0x58 Core/Src/main.o
                0x00000000080001c8                lfsrrand
 .text.newGameStart
                0x0000000008000220       0xc0 Core/Src/main.o
                0x0000000008000220                newGameStart
 .text.checkSnakeCrash
                0x00000000080002e0       0xe8 Core/Src/main.o
                0x00000000080002e0                checkSnakeCrash
 .text.updateLCD
                0x00000000080003c8      0x26c Core/Src/main.o
                0x00000000080003c8                updateLCD
 .text.loseDialog
                0x0000000008000634       0x2c Core/Src/main.o
                0x0000000008000634                loseDialog
 .text.HAL_GPIO_EXTI_Callback
                0x0000000008000660      0x5fc Core/Src/main.o
                0x0000000008000660                HAL_GPIO_EXTI_Callback
 .text.HAL_TIM_PeriodElapsedCallback
                0x0000000008000c5c      0x34c Core/Src/main.o
                0x0000000008000c5c                HAL_TIM_PeriodElapsedCallback
 .text.main     0x0000000008000fa8       0x30 Core/Src/main.o
                0x0000000008000fa8                main
 .text.SystemClock_Config
                0x0000000008000fd8       0xa2 Core/Src/main.o
                0x0000000008000fd8                SystemClock_Config
 *fill*         0x000000000800107a        0x2 
 .text.MX_SPI3_Init
                0x000000000800107c       0x7c Core/Src/main.o
 .text.MX_TIM1_Init
                0x00000000080010f8       0xa8 Core/Src/main.o
 .text.MX_GPIO_Init
                0x00000000080011a0      0x10c Core/Src/main.o
 .text.Error_Handler
                0x00000000080012ac        0x8 Core/Src/main.o
                0x00000000080012ac                Error_Handler
 .text.HAL_MspInit
                0x00000000080012b4       0x48 Core/Src/stm32f3xx_hal_msp.o
                0x00000000080012b4                HAL_MspInit
 .text.HAL_SPI_MspInit
                0x00000000080012fc       0x88 Core/Src/stm32f3xx_hal_msp.o
                0x00000000080012fc                HAL_SPI_MspInit
 .text.HAL_TIM_Base_MspInit
                0x0000000008001384       0x4c Core/Src/stm32f3xx_hal_msp.o
                0x0000000008001384                HAL_TIM_Base_MspInit
 .text.NMI_Handler
                0x00000000080013d0        0x6 Core/Src/stm32f3xx_it.o
                0x00000000080013d0                NMI_Handler
 .text.HardFault_Handler
                0x00000000080013d6        0x6 Core/Src/stm32f3xx_it.o
                0x00000000080013d6                HardFault_Handler
 .text.MemManage_Handler
                0x00000000080013dc        0x6 Core/Src/stm32f3xx_it.o
                0x00000000080013dc                MemManage_Handler
 .text.BusFault_Handler
                0x00000000080013e2        0x6 Core/Src/stm32f3xx_it.o
                0x00000000080013e2                BusFault_Handler
 .text.UsageFault_Handler
                0x00000000080013e8        0x6 Core/Src/stm32f3xx_it.o
                0x00000000080013e8                UsageFault_Handler
 .text.SVC_Handler
                0x00000000080013ee        0xe Core/Src/stm32f3xx_it.o
                0x00000000080013ee                SVC_Handler
 .text.DebugMon_Handler
                0x00000000080013fc        0xe Core/Src/stm32f3xx_it.o
                0x00000000080013fc                DebugMon_Handler
 .text.PendSV_Handler
                0x000000000800140a        0xe Core/Src/stm32f3xx_it.o
                0x000000000800140a                PendSV_Handler
 .text.SysTick_Handler
                0x0000000008001418        0xc Core/Src/stm32f3xx_it.o
                0x0000000008001418                SysTick_Handler
 .text.EXTI9_5_IRQHandler
                0x0000000008001424       0x18 Core/Src/stm32f3xx_it.o
                0x0000000008001424                EXTI9_5_IRQHandler
 .text.TIM1_UP_TIM16_IRQHandler
                0x000000000800143c       0x14 Core/Src/stm32f3xx_it.o
                0x000000000800143c                TIM1_UP_TIM16_IRQHandler
 .text.EXTI15_10_IRQHandler
                0x0000000008001450       0x18 Core/Src/stm32f3xx_it.o
                0x0000000008001450                EXTI15_10_IRQHandler
 .text.SystemInit
                0x0000000008001468       0x24 Core/Src/system_stm32f3xx.o
                0x0000000008001468                SystemInit
 .text.Reset_Handler
                0x000000000800148c       0x50 Core/Startup/startup_stm32f303vctx.o
                0x000000000800148c                Reset_Handler
 .text.Default_Handler
                0x00000000080014dc        0x2 Core/Startup/startup_stm32f303vctx.o
                0x00000000080014dc                RTC_Alarm_IRQHandler
                0x00000000080014dc                TIM8_TRG_COM_IRQHandler
                0x00000000080014dc                TIM8_CC_IRQHandler
                0x00000000080014dc                TIM1_CC_IRQHandler
                0x00000000080014dc                USB_HP_IRQHandler
                0x00000000080014dc                PVD_IRQHandler
                0x00000000080014dc                TAMP_STAMP_IRQHandler
                0x00000000080014dc                EXTI3_IRQHandler
                0x00000000080014dc                USB_HP_CAN_TX_IRQHandler
                0x00000000080014dc                EXTI0_IRQHandler
                0x00000000080014dc                I2C2_EV_IRQHandler
                0x00000000080014dc                FPU_IRQHandler
                0x00000000080014dc                ADC1_2_IRQHandler
                0x00000000080014dc                SPI1_IRQHandler
                0x00000000080014dc                CAN_SCE_IRQHandler
                0x00000000080014dc                TIM6_DAC_IRQHandler
                0x00000000080014dc                TIM8_UP_IRQHandler
                0x00000000080014dc                DMA2_Channel2_IRQHandler
                0x00000000080014dc                DMA1_Channel4_IRQHandler
                0x00000000080014dc                USART3_IRQHandler
                0x00000000080014dc                DMA1_Channel7_IRQHandler
                0x00000000080014dc                UART5_IRQHandler
                0x00000000080014dc                ADC3_IRQHandler
                0x00000000080014dc                TIM4_IRQHandler
                0x00000000080014dc                CAN_RX1_IRQHandler
                0x00000000080014dc                DMA2_Channel1_IRQHandler
                0x00000000080014dc                I2C1_EV_IRQHandler
                0x00000000080014dc                DMA1_Channel6_IRQHandler
                0x00000000080014dc                UART4_IRQHandler
                0x00000000080014dc                DMA2_Channel4_IRQHandler
                0x00000000080014dc                TIM3_IRQHandler
                0x00000000080014dc                RCC_IRQHandler
                0x00000000080014dc                DMA1_Channel1_IRQHandler
                0x00000000080014dc                Default_Handler
                0x00000000080014dc                USBWakeUp_RMP_IRQHandler
                0x00000000080014dc                TIM7_IRQHandler
                0x00000000080014dc                RTC_WKUP_IRQHandler
                0x00000000080014dc                SPI2_IRQHandler
                0x00000000080014dc                USB_LP_CAN_RX0_IRQHandler
                0x00000000080014dc                DMA2_Channel5_IRQHandler
                0x00000000080014dc                DMA1_Channel5_IRQHandler
                0x00000000080014dc                USB_LP_IRQHandler
                0x00000000080014dc                EXTI4_IRQHandler
                0x00000000080014dc                TIM1_TRG_COM_TIM17_IRQHandler
                0x00000000080014dc                DMA1_Channel3_IRQHandler
                0x00000000080014dc                ADC4_IRQHandler
                0x00000000080014dc                WWDG_IRQHandler
                0x00000000080014dc                TIM2_IRQHandler
                0x00000000080014dc                COMP7_IRQHandler
                0x00000000080014dc                COMP1_2_3_IRQHandler
                0x00000000080014dc                EXTI1_IRQHandler
                0x00000000080014dc                USART2_IRQHandler
                0x00000000080014dc                COMP4_5_6_IRQHandler
                0x00000000080014dc                I2C2_ER_IRQHandler
                0x00000000080014dc                DMA1_Channel2_IRQHandler
                0x00000000080014dc                TIM8_BRK_IRQHandler
                0x00000000080014dc                FLASH_IRQHandler
                0x00000000080014dc                USART1_IRQHandler
                0x00000000080014dc                SPI3_IRQHandler
                0x00000000080014dc                I2C1_ER_IRQHandler
                0x00000000080014dc                USBWakeUp_IRQHandler
                0x00000000080014dc                DMA2_Channel3_IRQHandler
                0x00000000080014dc                EXTI2_TSC_IRQHandler
                0x00000000080014dc                TIM1_BRK_TIM15_IRQHandler
 *fill*         0x00000000080014de        0x2 
 .text.HAL_Init
                0x00000000080014e0       0x2c Drivers/STM32F3xx_HAL_Driver/Src/stm32f3xx_hal.o
                0x00000000080014e0                HAL_Init
 .text.HAL_InitTick
                0x000000000800150c       0x60 Drivers/STM32F3xx_HAL_Driver/Src/stm32f3xx_hal.o
                0x000000000800150c                HAL_InitTick
 .text.HAL_IncTick
                0x000000000800156c       0x28 Drivers/STM32F3xx_HAL_Driver/Src/stm32f3xx_hal.o
                0x000000000800156c                HAL_IncTick
 .text.HAL_GetTick
                0x0000000008001594       0x18 Drivers/STM32F3xx_HAL_Driver/Src/stm32f3xx_hal.o
                0x0000000008001594                HAL_GetTick
 .text.HAL_Delay
                0x00000000080015ac       0x44 Drivers/STM32F3xx_HAL_Driver/Src/stm32f3xx_hal.o
                0x00000000080015ac                HAL_Delay
 .text.__NVIC_SetPriorityGrouping
                0x00000000080015f0       0x48 Drivers/STM32F3xx_HAL_Driver/Src/stm32f3xx_hal_cortex.o
 .text.__NVIC_GetPriorityGrouping
                0x0000000008001638       0x1c Drivers/STM32F3xx_HAL_Driver/Src/stm32f3xx_hal_cortex.o
 .text.__NVIC_EnableIRQ
                0x0000000008001654       0x3c Drivers/STM32F3xx_HAL_Driver/Src/stm32f3xx_hal_cortex.o
 .text.__NVIC_SetPriority
                0x0000000008001690       0x54 Drivers/STM32F3xx_HAL_Driver/Src/stm32f3xx_hal_cortex.o
 .text.NVIC_EncodePriority
                0x00000000080016e4       0x66 Drivers/STM32F3xx_HAL_Driver/Src/stm32f3xx_hal_cortex.o
 *fill*         0x000000000800174a        0x2 
 .text.SysTick_Config
                0x000000000800174c       0x44 Drivers/STM32F3xx_HAL_Driver/Src/stm32f3xx_hal_cortex.o
 .text.HAL_NVIC_SetPriorityGrouping
                0x0000000008001790       0x16 Drivers/STM32F3xx_HAL_Driver/Src/stm32f3xx_hal_cortex.o
                0x0000000008001790                HAL_NVIC_SetPriorityGrouping
 .text.HAL_NVIC_SetPriority
                0x00000000080017a6       0x38 Drivers/STM32F3xx_HAL_Driver/Src/stm32f3xx_hal_cortex.o
                0x00000000080017a6                HAL_NVIC_SetPriority
 .text.HAL_NVIC_EnableIRQ
                0x00000000080017de       0x1c Drivers/STM32F3xx_HAL_Driver/Src/stm32f3xx_hal_cortex.o
                0x00000000080017de                HAL_NVIC_EnableIRQ
 .text.HAL_SYSTICK_Config
                0x00000000080017fa       0x18 Drivers/STM32F3xx_HAL_Driver/Src/stm32f3xx_hal_cortex.o
                0x00000000080017fa                HAL_SYSTICK_Config
 *fill*         0x0000000008001812        0x2 
 .text.HAL_GPIO_Init
                0x0000000008001814      0x2f4 Drivers/STM32F3xx_HAL_Driver/Src/stm32f3xx_hal_gpio.o
                0x0000000008001814                HAL_GPIO_Init
 .text.HAL_GPIO_ReadPin
                0x0000000008001b08       0x30 Drivers/STM32F3xx_HAL_Driver/Src/stm32f3xx_hal_gpio.o
                0x0000000008001b08                HAL_GPIO_ReadPin
 .text.HAL_GPIO_WritePin
                0x0000000008001b38       0x30 Drivers/STM32F3xx_HAL_Driver/Src/stm32f3xx_hal_gpio.o
                0x0000000008001b38                HAL_GPIO_WritePin
 .text.HAL_GPIO_EXTI_IRQHandler
                0x0000000008001b68       0x30 Drivers/STM32F3xx_HAL_Driver/Src/stm32f3xx_hal_gpio.o
                0x0000000008001b68                HAL_GPIO_EXTI_IRQHandler
 .text.HAL_RCC_OscConfig
                0x0000000008001b98      0xe10 Drivers/STM32F3xx_HAL_Driver/Src/stm32f3xx_hal_rcc.o
                0x0000000008001b98                HAL_RCC_OscConfig
 .text.HAL_RCC_ClockConfig
                0x00000000080029a8      0x2f8 Drivers/STM32F3xx_HAL_Driver/Src/stm32f3xx_hal_rcc.o
                0x00000000080029a8                HAL_RCC_ClockConfig
 .text.HAL_RCC_GetSysClockFreq
                0x0000000008002ca0       0xd4 Drivers/STM32F3xx_HAL_Driver/Src/stm32f3xx_hal_rcc.o
                0x0000000008002ca0                HAL_RCC_GetSysClockFreq
 .text.HAL_RCCEx_PeriphCLKConfig
                0x0000000008002d74      0x360 Drivers/STM32F3xx_HAL_Driver/Src/stm32f3xx_hal_rcc_ex.o
                0x0000000008002d74                HAL_RCCEx_PeriphCLKConfig
 .text.HAL_SPI_Init
                0x00000000080030d4      0x156 Drivers/STM32F3xx_HAL_Driver/Src/stm32f3xx_hal_spi.o
                0x00000000080030d4                HAL_SPI_Init
 .text.HAL_SPI_Transmit
                0x000000000800322a      0x2dc Drivers/STM32F3xx_HAL_Driver/Src/stm32f3xx_hal_spi.o
                0x000000000800322a                HAL_SPI_Transmit
 *fill*         0x0000000008003506        0x2 
 .text.SPI_WaitFlagStateUntilTimeout
                0x0000000008003508      0x110 Drivers/STM32F3xx_HAL_Driver/Src/stm32f3xx_hal_spi.o
 .text.SPI_WaitFifoStateUntilTimeout
                0x0000000008003618      0x12c Drivers/STM32F3xx_HAL_Driver/Src/stm32f3xx_hal_spi.o
 .text.SPI_EndRxTxTransaction
                0x0000000008003744       0x8c Drivers/STM32F3xx_HAL_Driver/Src/stm32f3xx_hal_spi.o
 .text.HAL_TIM_Base_Init
                0x00000000080037d0       0xae Drivers/STM32F3xx_HAL_Driver/Src/stm32f3xx_hal_tim.o
                0x00000000080037d0                HAL_TIM_Base_Init
 *fill*         0x000000000800387e        0x2 
 .text.HAL_TIM_Base_Start_IT
                0x0000000008003880       0xd4 Drivers/STM32F3xx_HAL_Driver/Src/stm32f3xx_hal_tim.o
                0x0000000008003880                HAL_TIM_Base_Start_IT
 .text.HAL_TIM_Base_Stop_IT
                0x0000000008003954       0x5e Drivers/STM32F3xx_HAL_Driver/Src/stm32f3xx_hal_tim.o
                0x0000000008003954                HAL_TIM_Base_Stop_IT
 .text.HAL_TIM_IRQHandler
                0x00000000080039b2      0x23e Drivers/STM32F3xx_HAL_Driver/Src/stm32f3xx_hal_tim.o
                0x00000000080039b2                HAL_TIM_IRQHandler
 .text.HAL_TIM_ConfigClockSource
                0x0000000008003bf0      0x17c Drivers/STM32F3xx_HAL_Driver/Src/stm32f3xx_hal_tim.o
                0x0000000008003bf0                HAL_TIM_ConfigClockSource
 .text.HAL_TIM_OC_DelayElapsedCallback
                0x0000000008003d6c       0x14 Drivers/STM32F3xx_HAL_Driver/Src/stm32f3xx_hal_tim.o
                0x0000000008003d6c                HAL_TIM_OC_DelayElapsedCallback
 .text.HAL_TIM_IC_CaptureCallback
                0x0000000008003d80       0x14 Drivers/STM32F3xx_HAL_Driver/Src/stm32f3xx_hal_tim.o
                0x0000000008003d80                HAL_TIM_IC_CaptureCallback
 .text.HAL_TIM_PWM_PulseFinishedCallback
                0x0000000008003d94       0x14 Drivers/STM32F3xx_HAL_Driver/Src/stm32f3xx_hal_tim.o
                0x0000000008003d94                HAL_TIM_PWM_PulseFinishedCallback
 .text.HAL_TIM_TriggerCallback
                0x0000000008003da8       0x14 Drivers/STM32F3xx_HAL_Driver/Src/stm32f3xx_hal_tim.o
                0x0000000008003da8                HAL_TIM_TriggerCallback
 .text.TIM_Base_SetConfig
                0x0000000008003dbc      0x120 Drivers/STM32F3xx_HAL_Driver/Src/stm32f3xx_hal_tim.o
                0x0000000008003dbc                TIM_Base_SetConfig
 .text.TIM_TI1_ConfigInputStage
                0x0000000008003edc       0x5e Drivers/STM32F3xx_HAL_Driver/Src/stm32f3xx_hal_tim.o
 .text.TIM_TI2_ConfigInputStage
                0x0000000008003f3a       0x60 Drivers/STM32F3xx_HAL_Driver/Src/stm32f3xx_hal_tim.o
 .text.TIM_ITRx_SetConfig
                0x0000000008003f9a       0x36 Drivers/STM32F3xx_HAL_Driver/Src/stm32f3xx_hal_tim.o
 .text.TIM_ETR_SetConfig
                0x0000000008003fd0       0x40 Drivers/STM32F3xx_HAL_Driver/Src/stm32f3xx_hal_tim.o
                0x0000000008003fd0                TIM_ETR_SetConfig
 .text.HAL_TIMEx_MasterConfigSynchronization
                0x0000000008004010      0x100 Drivers/STM32F3xx_HAL_Driver/Src/stm32f3xx_hal_tim_ex.o
                0x0000000008004010                HAL_TIMEx_MasterConfigSynchronization
 .text.HAL_TIMEx_CommutCallback
                0x0000000008004110       0x14 Drivers/STM32F3xx_HAL_Driver/Src/stm32f3xx_hal_tim_ex.o
                0x0000000008004110                HAL_TIMEx_CommutCallback
 .text.HAL_TIMEx_BreakCallback
                0x0000000008004124       0x14 Drivers/STM32F3xx_HAL_Driver/Src/stm32f3xx_hal_tim_ex.o
                0x0000000008004124                HAL_TIMEx_BreakCallback
 .text.HAL_TIMEx_Break2Callback
                0x0000000008004138       0x14 Drivers/STM32F3xx_HAL_Driver/Src/stm32f3xx_hal_tim_ex.o
                0x0000000008004138                HAL_TIMEx_Break2Callback
 .text.PCD8544_send
                0x000000000800414c       0x48 NokiaLCD/stm32f4_pcd8544.o
                0x000000000800414c                PCD8544_send
 .text.PCD8544_Init
                0x0000000008004194       0x7c NokiaLCD/stm32f4_pcd8544.o
                0x0000000008004194                PCD8544_Init
 .text.PCD8544_Write
                0x0000000008004210       0x48 NokiaLCD/stm32f4_pcd8544.o
                0x0000000008004210                PCD8544_Write
 .text.PCD8544_DrawPixel
                0x0000000008004258       0xac NokiaLCD/stm32f4_pcd8544.o
                0x0000000008004258                PCD8544_DrawPixel
 .text.PCD8544_Clear
                0x0000000008004304       0x4c NokiaLCD/stm32f4_pcd8544.o
                0x0000000008004304                PCD8544_Clear
 .text.PCD8544_Home
                0x0000000008004350       0x18 NokiaLCD/stm32f4_pcd8544.o
                0x0000000008004350                PCD8544_Home
 .text.PCD8544_Refresh
                0x0000000008004368       0xc4 NokiaLCD/stm32f4_pcd8544.o
                0x0000000008004368                PCD8544_Refresh
 .text.PCD8544_UpdateArea
                0x000000000800442c       0x78 NokiaLCD/stm32f4_pcd8544.o
                0x000000000800442c                PCD8544_UpdateArea
 .text.PCD8544_GotoXY
                0x00000000080044a4       0x30 NokiaLCD/stm32f4_pcd8544.o
                0x00000000080044a4                PCD8544_GotoXY
 .text.PCD8544_Putc
                0x00000000080044d4      0x158 NokiaLCD/stm32f4_pcd8544.o
                0x00000000080044d4                PCD8544_Putc
 .text.PCD8544_Puts
                0x000000000800462c       0x34 NokiaLCD/stm32f4_pcd8544.o
                0x000000000800462c                PCD8544_Puts
 .text.PCD8544_DrawLine
                0x0000000008004660      0x1de NokiaLCD/stm32f4_pcd8544.o
                0x0000000008004660                PCD8544_DrawLine
 *fill*         0x000000000800483e        0x2 
 .text.__libc_init_array
                0x0000000008004840       0x48 c:/st/stm32cubeide_1.5.1/stm32cubeide/plugins/com.st.stm32cube.ide.mcu.externaltools.gnu-tools-for-stm32.7-2018-q2-update.win32_1.5.0.202011040924/tools/bin/../lib/gcc/arm-none-eabi/7.3.1/../../../../arm-none-eabi/lib/thumb/v7e-m/fpv4-sp/hard\libc_nano.a(lib_a-init.o)
                0x0000000008004840                __libc_init_array
 .text.memset   0x0000000008004888       0x10 c:/st/stm32cubeide_1.5.1/stm32cubeide/plugins/com.st.stm32cube.ide.mcu.externaltools.gnu-tools-for-stm32.7-2018-q2-update.win32_1.5.0.202011040924/tools/bin/../lib/gcc/arm-none-eabi/7.3.1/../../../../arm-none-eabi/lib/thumb/v7e-m/fpv4-sp/hard\libc_nano.a(lib_a-memset.o)
                0x0000000008004888                memset
 *(.glue_7)
 .glue_7        0x0000000008004898        0x0 linker stubs
 *(.glue_7t)
 .glue_7t       0x0000000008004898        0x0 linker stubs
 *(.eh_frame)
 .eh_frame      0x0000000008004898        0x0 c:/st/stm32cubeide_1.5.1/stm32cubeide/plugins/com.st.stm32cube.ide.mcu.externaltools.gnu-tools-for-stm32.7-2018-q2-update.win32_1.5.0.202011040924/tools/bin/../lib/gcc/arm-none-eabi/7.3.1/thumb/v7e-m/fpv4-sp/hard/crtbegin.o
 *(.init)
 .init          0x0000000008004898        0x4 c:/st/stm32cubeide_1.5.1/stm32cubeide/plugins/com.st.stm32cube.ide.mcu.externaltools.gnu-tools-for-stm32.7-2018-q2-update.win32_1.5.0.202011040924/tools/bin/../lib/gcc/arm-none-eabi/7.3.1/thumb/v7e-m/fpv4-sp/hard/crti.o
                0x0000000008004898                _init
 .init          0x000000000800489c        0x8 c:/st/stm32cubeide_1.5.1/stm32cubeide/plugins/com.st.stm32cube.ide.mcu.externaltools.gnu-tools-for-stm32.7-2018-q2-update.win32_1.5.0.202011040924/tools/bin/../lib/gcc/arm-none-eabi/7.3.1/thumb/v7e-m/fpv4-sp/hard/crtn.o
 *(.fini)
 .fini          0x00000000080048a4        0x4 c:/st/stm32cubeide_1.5.1/stm32cubeide/plugins/com.st.stm32cube.ide.mcu.externaltools.gnu-tools-for-stm32.7-2018-q2-update.win32_1.5.0.202011040924/tools/bin/../lib/gcc/arm-none-eabi/7.3.1/thumb/v7e-m/fpv4-sp/hard/crti.o
                0x00000000080048a4                _fini
 .fini          0x00000000080048a8        0x8 c:/st/stm32cubeide_1.5.1/stm32cubeide/plugins/com.st.stm32cube.ide.mcu.externaltools.gnu-tools-for-stm32.7-2018-q2-update.win32_1.5.0.202011040924/tools/bin/../lib/gcc/arm-none-eabi/7.3.1/thumb/v7e-m/fpv4-sp/hard/crtn.o
                0x00000000080048b0                . = ALIGN (0x4)
                0x00000000080048b0                _etext = .

.vfp11_veneer   0x00000000080048b0        0x0
 .vfp11_veneer  0x00000000080048b0        0x0 linker stubs

.v4_bx          0x00000000080048b0        0x0
 .v4_bx         0x00000000080048b0        0x0 linker stubs

.iplt           0x00000000080048b0        0x0
 .iplt          0x00000000080048b0        0x0 c:/st/stm32cubeide_1.5.1/stm32cubeide/plugins/com.st.stm32cube.ide.mcu.externaltools.gnu-tools-for-stm32.7-2018-q2-update.win32_1.5.0.202011040924/tools/bin/../lib/gcc/arm-none-eabi/7.3.1/thumb/v7e-m/fpv4-sp/hard/crtbegin.o

.rodata         0x00000000080048b0      0x3c4
                0x00000000080048b0                . = ALIGN (0x4)
 *(.rodata)
 .rodata        0x00000000080048b0        0xa Core/Src/main.o
 *(.rodata*)
 *fill*         0x00000000080048ba        0x2 
 .rodata.AHBPrescTable
                0x00000000080048bc       0x10 Core/Src/system_stm32f3xx.o
                0x00000000080048bc                AHBPrescTable
 .rodata.aPLLMULFactorTable
                0x00000000080048cc       0x10 Drivers/STM32F3xx_HAL_Driver/Src/stm32f3xx_hal_rcc.o
                0x00000000080048cc                aPLLMULFactorTable
 .rodata.aPredivFactorTable
                0x00000000080048dc       0x10 Drivers/STM32F3xx_HAL_Driver/Src/stm32f3xx_hal_rcc.o
                0x00000000080048dc                aPredivFactorTable
 .rodata.PCD8544_Font5x7
                0x00000000080048ec      0x246 NokiaLCD/stm32f4_pcd8544.o
                0x00000000080048ec                PCD8544_Font5x7
 *fill*         0x0000000008004b32        0x2 
 .rodata.PCD8544_Font3x5
                0x0000000008004b34      0x13e NokiaLCD/stm32f4_pcd8544.o
                0x0000000008004b34                PCD8544_Font3x5
                0x0000000008004c74                . = ALIGN (0x4)
 *fill*         0x0000000008004c72        0x2 

.rel.dyn        0x0000000008004c74        0x0
 .rel.iplt      0x0000000008004c74        0x0 c:/st/stm32cubeide_1.5.1/stm32cubeide/plugins/com.st.stm32cube.ide.mcu.externaltools.gnu-tools-for-stm32.7-2018-q2-update.win32_1.5.0.202011040924/tools/bin/../lib/gcc/arm-none-eabi/7.3.1/thumb/v7e-m/fpv4-sp/hard/crtbegin.o

.ARM.extab      0x0000000008004c74        0x0
                0x0000000008004c74                . = ALIGN (0x4)
 *(.ARM.extab* .gnu.linkonce.armextab.*)
                0x0000000008004c74                . = ALIGN (0x4)

.ARM            0x0000000008004c74        0x0
                0x0000000008004c74                . = ALIGN (0x4)
                0x0000000008004c74                __exidx_start = .
 *(.ARM.exidx*)
                0x0000000008004c74                __exidx_end = .
                0x0000000008004c74                . = ALIGN (0x4)

.preinit_array  0x0000000008004c74        0x0
                0x0000000008004c74                . = ALIGN (0x4)
                0x0000000008004c74                PROVIDE (__preinit_array_start = .)
 *(.preinit_array*)
                0x0000000008004c74                PROVIDE (__preinit_array_end = .)
                0x0000000008004c74                . = ALIGN (0x4)

.init_array     0x0000000008004c74        0x4
                0x0000000008004c74                . = ALIGN (0x4)
                0x0000000008004c74                PROVIDE (__init_array_start = .)
 *(SORT_BY_NAME(.init_array.*))
 *(.init_array*)
 .init_array    0x0000000008004c74        0x4 c:/st/stm32cubeide_1.5.1/stm32cubeide/plugins/com.st.stm32cube.ide.mcu.externaltools.gnu-tools-for-stm32.7-2018-q2-update.win32_1.5.0.202011040924/tools/bin/../lib/gcc/arm-none-eabi/7.3.1/thumb/v7e-m/fpv4-sp/hard/crtbegin.o
                0x0000000008004c78                PROVIDE (__init_array_end = .)
                0x0000000008004c78                . = ALIGN (0x4)

.fini_array     0x0000000008004c78        0x4
                0x0000000008004c78                . = ALIGN (0x4)
                [!provide]                        PROVIDE (__fini_array_start = .)
 *(SORT_BY_NAME(.fini_array.*))
 *(.fini_array*)
 .fini_array    0x0000000008004c78        0x4 c:/st/stm32cubeide_1.5.1/stm32cubeide/plugins/com.st.stm32cube.ide.mcu.externaltools.gnu-tools-for-stm32.7-2018-q2-update.win32_1.5.0.202011040924/tools/bin/../lib/gcc/arm-none-eabi/7.3.1/thumb/v7e-m/fpv4-sp/hard/crtbegin.o
                [!provide]                        PROVIDE (__fini_array_end = .)
                0x0000000008004c7c                . = ALIGN (0x4)
                0x0000000008004c7c                _sidata = LOADADDR (.data)

.data           0x0000000020000000        0xc load address 0x0000000008004c7c
                0x0000000020000000                . = ALIGN (0x4)
                0x0000000020000000                _sdata = .
 *(.data)
 *(.data*)
 .data.SystemCoreClock
                0x0000000020000000        0x4 Core/Src/system_stm32f3xx.o
                0x0000000020000000                SystemCoreClock
 .data.uwTickPrio
                0x0000000020000004        0x4 Drivers/STM32F3xx_HAL_Driver/Src/stm32f3xx_hal.o
                0x0000000020000004                uwTickPrio
 .data.uwTickFreq
                0x0000000020000008        0x1 Drivers/STM32F3xx_HAL_Driver/Src/stm32f3xx_hal.o
                0x0000000020000008                uwTickFreq
 *(.RamFunc)
 *(.RamFunc*)
                0x000000002000000c                . = ALIGN (0x4)
 *fill*         0x0000000020000009        0x3 
                0x000000002000000c                _edata = .

.igot.plt       0x000000002000000c        0x0 load address 0x0000000008004c88
 .igot.plt      0x000000002000000c        0x0 c:/st/stm32cubeide_1.5.1/stm32cubeide/plugins/com.st.stm32cube.ide.mcu.externaltools.gnu-tools-for-stm32.7-2018-q2-update.win32_1.5.0.202011040924/tools/bin/../lib/gcc/arm-none-eabi/7.3.1/thumb/v7e-m/fpv4-sp/hard/crtbegin.o
                0x000000002000000c                . = ALIGN (0x4)

.bss            0x000000002000000c      0x3dc load address 0x0000000008004c88
                0x000000002000000c                _sbss = .
                0x000000002000000c                __bss_start__ = _sbss
 *(.bss)
 .bss           0x000000002000000c       0x1c c:/st/stm32cubeide_1.5.1/stm32cubeide/plugins/com.st.stm32cube.ide.mcu.externaltools.gnu-tools-for-stm32.7-2018-q2-update.win32_1.5.0.202011040924/tools/bin/../lib/gcc/arm-none-eabi/7.3.1/thumb/v7e-m/fpv4-sp/hard/crtbegin.o
 *(.bss*)
 .bss.foodflag  0x0000000020000028        0x1 Core/Src/main.o
                0x0000000020000028                foodflag
 .bss.keyPressed
                0x0000000020000029        0x1 Core/Src/main.o
                0x0000000020000029                keyPressed
 .bss.PCD8544_UpdateXmin
                0x000000002000002a        0x1 NokiaLCD/stm32f4_pcd8544.o
                0x000000002000002a                PCD8544_UpdateXmin
 .bss.PCD8544_UpdateXmax
                0x000000002000002b        0x1 NokiaLCD/stm32f4_pcd8544.o
                0x000000002000002b                PCD8544_UpdateXmax
 .bss.PCD8544_UpdateYmin
                0x000000002000002c        0x1 NokiaLCD/stm32f4_pcd8544.o
                0x000000002000002c                PCD8544_UpdateYmin
 .bss.PCD8544_UpdateYmax
                0x000000002000002d        0x1 NokiaLCD/stm32f4_pcd8544.o
                0x000000002000002d                PCD8544_UpdateYmax
 .bss.dat       0x000000002000002e        0x1 NokiaLCD/stm32f4_pcd8544.o
                0x000000002000002e                dat
 *(COMMON)
 *fill*         0x000000002000002f        0x1 
 COMMON         0x0000000020000030      0x1b7 Core/Src/main.o
                0x0000000020000030                hy
                0x0000000020000034                grid
                0x0000000020000130                hspi3
                0x0000000020000194                tx
                0x0000000020000195                dx
                0x0000000020000196                lfsr
                0x0000000020000198                htim1
                0x00000000200001e4                dy
                0x00000000200001e5                ty
                0x00000000200001e6                hx
 *fill*         0x00000000200001e7        0x1 
 COMMON         0x00000000200001e8        0x4 Drivers/STM32F3xx_HAL_Driver/Src/stm32f3xx_hal.o
                0x00000000200001e8                uwTick
 COMMON         0x00000000200001ec      0x1fc NokiaLCD/stm32f4_pcd8544.o
                0x00000000200001ec                PCD8544_y
                0x00000000200001ed                PCD8544_x
                0x00000000200001f0                PCD8544_Buffer
                0x00000000200003e8                . = ALIGN (0x4)
                0x00000000200003e8                _ebss = .
                0x00000000200003e8                __bss_end__ = _ebss

._user_heap_stack
                0x00000000200003e8      0x600 load address 0x0000000008004c88
                0x00000000200003e8                . = ALIGN (0x8)
                [!provide]                        PROVIDE (end = .)
                0x00000000200003e8                PROVIDE (_end = .)
                0x00000000200005e8                . = (. + _Min_Heap_Size)
 *fill*         0x00000000200003e8      0x200 
                0x00000000200009e8                . = (. + _Min_Stack_Size)
 *fill*         0x00000000200005e8      0x400 
                0x00000000200009e8                . = ALIGN (0x8)

/DISCARD/
 libc.a(*)
 libm.a(*)
 libgcc.a(*)

.ARM.attributes
                0x0000000000000000       0x30
 *(.ARM.attributes)
 .ARM.attributes
                0x0000000000000000       0x22 c:/st/stm32cubeide_1.5.1/stm32cubeide/plugins/com.st.stm32cube.ide.mcu.externaltools.gnu-tools-for-stm32.7-2018-q2-update.win32_1.5.0.202011040924/tools/bin/../lib/gcc/arm-none-eabi/7.3.1/thumb/v7e-m/fpv4-sp/hard/crti.o
 .ARM.attributes
                0x0000000000000022       0x34 c:/st/stm32cubeide_1.5.1/stm32cubeide/plugins/com.st.stm32cube.ide.mcu.externaltools.gnu-tools-for-stm32.7-2018-q2-update.win32_1.5.0.202011040924/tools/bin/../lib/gcc/arm-none-eabi/7.3.1/thumb/v7e-m/fpv4-sp/hard/crtbegin.o
 .ARM.attributes
                0x0000000000000056       0x39 Core/Src/main.o
 .ARM.attributes
                0x000000000000008f       0x39 Core/Src/stm32f3xx_hal_msp.o
 .ARM.attributes
                0x00000000000000c8       0x39 Core/Src/stm32f3xx_it.o
 .ARM.attributes
                0x0000000000000101       0x39 Core/Src/system_stm32f3xx.o
 .ARM.attributes
                0x000000000000013a       0x21 Core/Startup/startup_stm32f303vctx.o
 .ARM.attributes
                0x000000000000015b       0x39 Drivers/STM32F3xx_HAL_Driver/Src/stm32f3xx_hal.o
 .ARM.attributes
                0x0000000000000194       0x39 Drivers/STM32F3xx_HAL_Driver/Src/stm32f3xx_hal_cortex.o
 .ARM.attributes
                0x00000000000001cd       0x39 Drivers/STM32F3xx_HAL_Driver/Src/stm32f3xx_hal_gpio.o
 .ARM.attributes
                0x0000000000000206       0x39 Drivers/STM32F3xx_HAL_Driver/Src/stm32f3xx_hal_rcc.o
 .ARM.attributes
                0x000000000000023f       0x39 Drivers/STM32F3xx_HAL_Driver/Src/stm32f3xx_hal_rcc_ex.o
 .ARM.attributes
                0x0000000000000278       0x39 Drivers/STM32F3xx_HAL_Driver/Src/stm32f3xx_hal_spi.o
 .ARM.attributes
                0x00000000000002b1       0x39 Drivers/STM32F3xx_HAL_Driver/Src/stm32f3xx_hal_tim.o
 .ARM.attributes
                0x00000000000002ea       0x39 Drivers/STM32F3xx_HAL_Driver/Src/stm32f3xx_hal_tim_ex.o
 .ARM.attributes
                0x0000000000000323       0x39 NokiaLCD/stm32f4_pcd8544.o
 .ARM.attributes
                0x000000000000035c       0x34 c:/st/stm32cubeide_1.5.1/stm32cubeide/plugins/com.st.stm32cube.ide.mcu.externaltools.gnu-tools-for-stm32.7-2018-q2-update.win32_1.5.0.202011040924/tools/bin/../lib/gcc/arm-none-eabi/7.3.1/../../../../arm-none-eabi/lib/thumb/v7e-m/fpv4-sp/hard\libc_nano.a(lib_a-init.o)
 .ARM.attributes
                0x0000000000000390       0x34 c:/st/stm32cubeide_1.5.1/stm32cubeide/plugins/com.st.stm32cube.ide.mcu.externaltools.gnu-tools-for-stm32.7-2018-q2-update.win32_1.5.0.202011040924/tools/bin/../lib/gcc/arm-none-eabi/7.3.1/../../../../arm-none-eabi/lib/thumb/v7e-m/fpv4-sp/hard\libc_nano.a(lib_a-memset.o)
 .ARM.attributes
                0x00000000000003c4       0x22 c:/st/stm32cubeide_1.5.1/stm32cubeide/plugins/com.st.stm32cube.ide.mcu.externaltools.gnu-tools-for-stm32.7-2018-q2-update.win32_1.5.0.202011040924/tools/bin/../lib/gcc/arm-none-eabi/7.3.1/thumb/v7e-m/fpv4-sp/hard/crtn.o
OUTPUT(Snake.elf elf32-littlearm)

.debug_info     0x0000000000000000     0xcdfb
 .debug_info    0x0000000000000000     0x13d8 Core/Src/main.o
 .debug_info    0x00000000000013d8      0xe3d Core/Src/stm32f3xx_hal_msp.o
 .debug_info    0x0000000000002215      0x7c6 Core/Src/stm32f3xx_it.o
 .debug_info    0x00000000000029db      0x45c Core/Src/system_stm32f3xx.o
 .debug_info    0x0000000000002e37       0x22 Core/Startup/startup_stm32f303vctx.o
 .debug_info    0x0000000000002e59      0x7e2 Drivers/STM32F3xx_HAL_Driver/Src/stm32f3xx_hal.o
 .debug_info    0x000000000000363b      0xd99 Drivers/STM32F3xx_HAL_Driver/Src/stm32f3xx_hal_cortex.o
 .debug_info    0x00000000000043d4      0x70b Drivers/STM32F3xx_HAL_Driver/Src/stm32f3xx_hal_gpio.o
 .debug_info    0x0000000000004adf     0x180f Drivers/STM32F3xx_HAL_Driver/Src/stm32f3xx_hal_rcc.o
 .debug_info    0x00000000000062ee      0x6ad Drivers/STM32F3xx_HAL_Driver/Src/stm32f3xx_hal_rcc_ex.o
 .debug_info    0x000000000000699b     0x16a8 Drivers/STM32F3xx_HAL_Driver/Src/stm32f3xx_hal_spi.o
 .debug_info    0x0000000000008043     0x2a7a Drivers/STM32F3xx_HAL_Driver/Src/stm32f3xx_hal_tim.o
 .debug_info    0x000000000000aabd     0x1500 Drivers/STM32F3xx_HAL_Driver/Src/stm32f3xx_hal_tim_ex.o
 .debug_info    0x000000000000bfbd      0xe3e NokiaLCD/stm32f4_pcd8544.o

.debug_abbrev   0x0000000000000000     0x1af3
 .debug_abbrev  0x0000000000000000      0x2d7 Core/Src/main.o
 .debug_abbrev  0x00000000000002d7      0x1a6 Core/Src/stm32f3xx_hal_msp.o
 .debug_abbrev  0x000000000000047d      0x15a Core/Src/stm32f3xx_it.o
 .debug_abbrev  0x00000000000005d7      0x12b Core/Src/system_stm32f3xx.o
 .debug_abbrev  0x0000000000000702       0x12 Core/Startup/startup_stm32f303vctx.o
 .debug_abbrev  0x0000000000000714      0x1c7 Drivers/STM32F3xx_HAL_Driver/Src/stm32f3xx_hal.o
 .debug_abbrev  0x00000000000008db      0x2fa Drivers/STM32F3xx_HAL_Driver/Src/stm32f3xx_hal_cortex.o
 .debug_abbrev  0x0000000000000bd5      0x1c0 Drivers/STM32F3xx_HAL_Driver/Src/stm32f3xx_hal_gpio.o
 .debug_abbrev  0x0000000000000d95      0x28c Drivers/STM32F3xx_HAL_Driver/Src/stm32f3xx_hal_rcc.o
 .debug_abbrev  0x0000000000001021      0x219 Drivers/STM32F3xx_HAL_Driver/Src/stm32f3xx_hal_rcc_ex.o
 .debug_abbrev  0x000000000000123a      0x228 Drivers/STM32F3xx_HAL_Driver/Src/stm32f3xx_hal_spi.o
 .debug_abbrev  0x0000000000001462      0x230 Drivers/STM32F3xx_HAL_Driver/Src/stm32f3xx_hal_tim.o
 .debug_abbrev  0x0000000000001692      0x236 Drivers/STM32F3xx_HAL_Driver/Src/stm32f3xx_hal_tim_ex.o
 .debug_abbrev  0x00000000000018c8      0x22b NokiaLCD/stm32f4_pcd8544.o

.debug_aranges  0x0000000000000000      0xc78
 .debug_aranges
                0x0000000000000000       0x80 Core/Src/main.o
 .debug_aranges
                0x0000000000000080       0x40 Core/Src/stm32f3xx_hal_msp.o
 .debug_aranges
                0x00000000000000c0       0x78 Core/Src/stm32f3xx_it.o
 .debug_aranges
                0x0000000000000138       0x28 Core/Src/system_stm32f3xx.o
 .debug_aranges
                0x0000000000000160       0x28 Core/Startup/startup_stm32f303vctx.o
 .debug_aranges
                0x0000000000000188       0xe0 Drivers/STM32F3xx_HAL_Driver/Src/stm32f3xx_hal.o
 .debug_aranges
                0x0000000000000268      0x118 Drivers/STM32F3xx_HAL_Driver/Src/stm32f3xx_hal_cortex.o
 .debug_aranges
                0x0000000000000380       0x58 Drivers/STM32F3xx_HAL_Driver/Src/stm32f3xx_hal_gpio.o
 .debug_aranges
                0x00000000000003d8       0x88 Drivers/STM32F3xx_HAL_Driver/Src/stm32f3xx_hal_rcc.o
 .debug_aranges
                0x0000000000000460       0x38 Drivers/STM32F3xx_HAL_Driver/Src/stm32f3xx_hal_rcc_ex.o
 .debug_aranges
                0x0000000000000498      0x1d8 Drivers/STM32F3xx_HAL_Driver/Src/stm32f3xx_hal_spi.o
 .debug_aranges
                0x0000000000000670      0x3e0 Drivers/STM32F3xx_HAL_Driver/Src/stm32f3xx_hal_tim.o
 .debug_aranges
                0x0000000000000a50      0x178 Drivers/STM32F3xx_HAL_Driver/Src/stm32f3xx_hal_tim_ex.o
 .debug_aranges
                0x0000000000000bc8       0xb0 NokiaLCD/stm32f4_pcd8544.o

.debug_ranges   0x0000000000000000      0xba0
 .debug_ranges  0x0000000000000000       0x70 Core/Src/main.o
 .debug_ranges  0x0000000000000070       0x30 Core/Src/stm32f3xx_hal_msp.o
 .debug_ranges  0x00000000000000a0       0x68 Core/Src/stm32f3xx_it.o
 .debug_ranges  0x0000000000000108       0x18 Core/Src/system_stm32f3xx.o
 .debug_ranges  0x0000000000000120       0x20 Core/Startup/startup_stm32f303vctx.o
 .debug_ranges  0x0000000000000140       0xd0 Drivers/STM32F3xx_HAL_Driver/Src/stm32f3xx_hal.o
 .debug_ranges  0x0000000000000210      0x108 Drivers/STM32F3xx_HAL_Driver/Src/stm32f3xx_hal_cortex.o
 .debug_ranges  0x0000000000000318       0x48 Drivers/STM32F3xx_HAL_Driver/Src/stm32f3xx_hal_gpio.o
 .debug_ranges  0x0000000000000360       0x78 Drivers/STM32F3xx_HAL_Driver/Src/stm32f3xx_hal_rcc.o
 .debug_ranges  0x00000000000003d8       0x28 Drivers/STM32F3xx_HAL_Driver/Src/stm32f3xx_hal_rcc_ex.o
 .debug_ranges  0x0000000000000400      0x1c8 Drivers/STM32F3xx_HAL_Driver/Src/stm32f3xx_hal_spi.o
 .debug_ranges  0x00000000000005c8      0x3d0 Drivers/STM32F3xx_HAL_Driver/Src/stm32f3xx_hal_tim.o
 .debug_ranges  0x0000000000000998      0x168 Drivers/STM32F3xx_HAL_Driver/Src/stm32f3xx_hal_tim_ex.o
 .debug_ranges  0x0000000000000b00       0xa0 NokiaLCD/stm32f4_pcd8544.o

.debug_macro    0x0000000000000000    0x1ceea
 .debug_macro   0x0000000000000000      0x218 Core/Src/main.o
 .debug_macro   0x0000000000000218      0xa5a Core/Src/main.o
 .debug_macro   0x0000000000000c72      0x157 Core/Src/main.o
 .debug_macro   0x0000000000000dc9       0x2e Core/Src/main.o
 .debug_macro   0x0000000000000df7       0x28 Core/Src/main.o
 .debug_macro   0x0000000000000e1f       0x22 Core/Src/main.o
 .debug_macro   0x0000000000000e41       0x8e Core/Src/main.o
 .debug_macro   0x0000000000000ecf       0x51 Core/Src/main.o
 .debug_macro   0x0000000000000f20       0xef Core/Src/main.o
 .debug_macro   0x000000000000100f       0x6a Core/Src/main.o
 .debug_macro   0x0000000000001079      0x1df Core/Src/main.o
 .debug_macro   0x0000000000001258       0x1c Core/Src/main.o
 .debug_macro   0x0000000000001274       0x22 Core/Src/main.o
 .debug_macro   0x0000000000001296       0xdf Core/Src/main.o
 .debug_macro   0x0000000000001375     0x102d Core/Src/main.o
 .debug_macro   0x00000000000023a2      0x11f Core/Src/main.o
 .debug_macro   0x00000000000024c1    0x12a3a Core/Src/main.o
 .debug_macro   0x0000000000014efb       0x6d Core/Src/main.o
 .debug_macro   0x0000000000014f68     0x3540 Core/Src/main.o
 .debug_macro   0x00000000000184a8      0x174 Core/Src/main.o
 .debug_macro   0x000000000001861c       0x55 Core/Src/main.o
 .debug_macro   0x0000000000018671      0x962 Core/Src/main.o
 .debug_macro   0x0000000000018fd3      0x5fe Core/Src/main.o
 .debug_macro   0x00000000000195d1      0x1b6 Core/Src/main.o
 .debug_macro   0x0000000000019787      0x1fb Core/Src/main.o
 .debug_macro   0x0000000000019982      0x1dc Core/Src/main.o
 .debug_macro   0x0000000000019b5e      0x1bc Core/Src/main.o
 .debug_macro   0x0000000000019d1a       0x30 Core/Src/main.o
 .debug_macro   0x0000000000019d4a       0x3c Core/Src/main.o
 .debug_macro   0x0000000000019d86      0x236 Core/Src/main.o
 .debug_macro   0x0000000000019fbc       0xc5 Core/Src/main.o
 .debug_macro   0x000000000001a081      0x21d Core/Src/main.o
 .debug_macro   0x000000000001a29e      0x22c Core/Src/main.o
 .debug_macro   0x000000000001a4ca       0x5b Core/Src/main.o
 .debug_macro   0x000000000001a525       0xa5 Core/Src/main.o
 .debug_macro   0x000000000001a5ca       0x81 Core/Src/main.o
 .debug_macro   0x000000000001a64b       0xd3 Core/Src/main.o
 .debug_macro   0x000000000001a71e      0x2fe Core/Src/main.o
 .debug_macro   0x000000000001aa1c      0xa3d Core/Src/main.o
 .debug_macro   0x000000000001b459       0x89 Core/Src/main.o
 .debug_macro   0x000000000001b4e2      0x275 Core/Src/main.o
 .debug_macro   0x000000000001b757       0x22 Core/Src/main.o
 .debug_macro   0x000000000001b779       0xc3 Core/Src/main.o
 .debug_macro   0x000000000001b83c      0x1e2 Core/Src/stm32f3xx_hal_msp.o
 .debug_macro   0x000000000001ba1e      0x1ec Core/Src/stm32f3xx_it.o
 .debug_macro   0x000000000001bc0a      0x1d8 Core/Src/system_stm32f3xx.o
 .debug_macro   0x000000000001bde2      0x1fc Drivers/STM32F3xx_HAL_Driver/Src/stm32f3xx_hal.o
 .debug_macro   0x000000000001bfde      0x1d8 Drivers/STM32F3xx_HAL_Driver/Src/stm32f3xx_hal_cortex.o
 .debug_macro   0x000000000001c1b6      0x1df Drivers/STM32F3xx_HAL_Driver/Src/stm32f3xx_hal_gpio.o
 .debug_macro   0x000000000001c395      0x1fc Drivers/STM32F3xx_HAL_Driver/Src/stm32f3xx_hal_rcc.o
 .debug_macro   0x000000000001c591      0x1d8 Drivers/STM32F3xx_HAL_Driver/Src/stm32f3xx_hal_rcc_ex.o
 .debug_macro   0x000000000001c769      0x1e0 Drivers/STM32F3xx_HAL_Driver/Src/stm32f3xx_hal_spi.o
 .debug_macro   0x000000000001c949      0x1d9 Drivers/STM32F3xx_HAL_Driver/Src/stm32f3xx_hal_tim.o
 .debug_macro   0x000000000001cb22      0x1d8 Drivers/STM32F3xx_HAL_Driver/Src/stm32f3xx_hal_tim_ex.o
 .debug_macro   0x000000000001ccfa      0x1f0 NokiaLCD/stm32f4_pcd8544.o

.debug_line     0x0000000000000000     0xa944
 .debug_line    0x0000000000000000      0xa32 Core/Src/main.o
 .debug_line    0x0000000000000a32      0x742 Core/Src/stm32f3xx_hal_msp.o
 .debug_line    0x0000000000001174      0x7ca Core/Src/stm32f3xx_it.o
 .debug_line    0x000000000000193e      0x707 Core/Src/system_stm32f3xx.o
 .debug_line    0x0000000000002045       0x88 Core/Startup/startup_stm32f303vctx.o
 .debug_line    0x00000000000020cd      0x8c5 Drivers/STM32F3xx_HAL_Driver/Src/stm32f3xx_hal.o
 .debug_line    0x0000000000002992      0x9fa Drivers/STM32F3xx_HAL_Driver/Src/stm32f3xx_hal_cortex.o
 .debug_line    0x000000000000338c      0x867 Drivers/STM32F3xx_HAL_Driver/Src/stm32f3xx_hal_gpio.o
 .debug_line    0x0000000000003bf3      0xe3d Drivers/STM32F3xx_HAL_Driver/Src/stm32f3xx_hal_rcc.o
 .debug_line    0x0000000000004a30      0x9b8 Drivers/STM32F3xx_HAL_Driver/Src/stm32f3xx_hal_rcc_ex.o
 .debug_line    0x00000000000053e8     0x11a1 Drivers/STM32F3xx_HAL_Driver/Src/stm32f3xx_hal_spi.o
 .debug_line    0x0000000000006589     0x2731 Drivers/STM32F3xx_HAL_Driver/Src/stm32f3xx_hal_tim.o
 .debug_line    0x0000000000008cba     0x12e8 Drivers/STM32F3xx_HAL_Driver/Src/stm32f3xx_hal_tim_ex.o
 .debug_line    0x0000000000009fa2      0x9a2 NokiaLCD/stm32f4_pcd8544.o

.debug_str      0x0000000000000000    0xb0bcc
 .debug_str     0x0000000000000000    0xae177 Core/Src/main.o
                                      0xaea21 (size before relaxing)
 .debug_str     0x00000000000ae177       0x89 Core/Src/stm32f3xx_hal_msp.o
                                      0xae24d (size before relaxing)
 .debug_str     0x00000000000ae200       0xe5 Core/Src/stm32f3xx_it.o
                                      0xadbdd (size before relaxing)
 .debug_str     0x00000000000ae2e5       0xbd Core/Src/system_stm32f3xx.o
                                      0xad6d5 (size before relaxing)
 .debug_str     0x00000000000ae3a2       0x36 Core/Startup/startup_stm32f303vctx.o
                                         0x62 (size before relaxing)
 .debug_str     0x00000000000ae3d8      0x30d Drivers/STM32F3xx_HAL_Driver/Src/stm32f3xx_hal.o
                                      0xade71 (size before relaxing)
 .debug_str     0x00000000000ae6e5      0x3bb Drivers/STM32F3xx_HAL_Driver/Src/stm32f3xx_hal_cortex.o
                                      0xadf7f (size before relaxing)
 .debug_str     0x00000000000aeaa0      0x153 Drivers/STM32F3xx_HAL_Driver/Src/stm32f3xx_hal_gpio.o
                                      0xad880 (size before relaxing)
 .debug_str     0x00000000000aebf3      0x2f7 Drivers/STM32F3xx_HAL_Driver/Src/stm32f3xx_hal_rcc.o
                                      0xadb43 (size before relaxing)
 .debug_str     0x00000000000aeeea       0xd8 Drivers/STM32F3xx_HAL_Driver/Src/stm32f3xx_hal_rcc_ex.o
                                      0xad907 (size before relaxing)
 .debug_str     0x00000000000aefc2      0x595 Drivers/STM32F3xx_HAL_Driver/Src/stm32f3xx_hal_spi.o
                                      0xadfdb (size before relaxing)
 .debug_str     0x00000000000af557      0xdec Drivers/STM32F3xx_HAL_Driver/Src/stm32f3xx_hal_tim.o
                                      0xaea98 (size before relaxing)
 .debug_str     0x00000000000b0343      0x550 Drivers/STM32F3xx_HAL_Driver/Src/stm32f3xx_hal_tim_ex.o
                                      0xae29c (size before relaxing)
 .debug_str     0x00000000000b0893      0x339 NokiaLCD/stm32f4_pcd8544.o
                                      0xae0ee (size before relaxing)

.comment        0x0000000000000000       0x7b
 .comment       0x0000000000000000       0x7b Core/Src/main.o
                                         0x7c (size before relaxing)
 .comment       0x000000000000007b       0x7c Core/Src/stm32f3xx_hal_msp.o
 .comment       0x000000000000007b       0x7c Core/Src/stm32f3xx_it.o
 .comment       0x000000000000007b       0x7c Core/Src/system_stm32f3xx.o
 .comment       0x000000000000007b       0x7c Drivers/STM32F3xx_HAL_Driver/Src/stm32f3xx_hal.o
 .comment       0x000000000000007b       0x7c Drivers/STM32F3xx_HAL_Driver/Src/stm32f3xx_hal_cortex.o
 .comment       0x000000000000007b       0x7c Drivers/STM32F3xx_HAL_Driver/Src/stm32f3xx_hal_gpio.o
 .comment       0x000000000000007b       0x7c Drivers/STM32F3xx_HAL_Driver/Src/stm32f3xx_hal_rcc.o
 .comment       0x000000000000007b       0x7c Drivers/STM32F3xx_HAL_Driver/Src/stm32f3xx_hal_rcc_ex.o
 .comment       0x000000000000007b       0x7c Drivers/STM32F3xx_HAL_Driver/Src/stm32f3xx_hal_spi.o
 .comment       0x000000000000007b       0x7c Drivers/STM32F3xx_HAL_Driver/Src/stm32f3xx_hal_tim.o
 .comment       0x000000000000007b       0x7c Drivers/STM32F3xx_HAL_Driver/Src/stm32f3xx_hal_tim_ex.o
 .comment       0x000000000000007b       0x7c NokiaLCD/stm32f4_pcd8544.o

.debug_frame    0x0000000000000000     0x3444
 .debug_frame   0x0000000000000000      0x1cc Core/Src/main.o
 .debug_frame   0x00000000000001cc       0xc8 Core/Src/stm32f3xx_hal_msp.o
 .debug_frame   0x0000000000000294      0x158 Core/Src/stm32f3xx_it.o
 .debug_frame   0x00000000000003ec       0x58 Core/Src/system_stm32f3xx.o
 .debug_frame   0x0000000000000444      0x334 Drivers/STM32F3xx_HAL_Driver/Src/stm32f3xx_hal.o
 .debug_frame   0x0000000000000778      0x498 Drivers/STM32F3xx_HAL_Driver/Src/stm32f3xx_hal_cortex.o
 .debug_frame   0x0000000000000c10      0x14c Drivers/STM32F3xx_HAL_Driver/Src/stm32f3xx_hal_gpio.o
 .debug_frame   0x0000000000000d5c      0x214 Drivers/STM32F3xx_HAL_Driver/Src/stm32f3xx_hal_rcc.o
 .debug_frame   0x0000000000000f70       0xb4 Drivers/STM32F3xx_HAL_Driver/Src/stm32f3xx_hal_rcc_ex.o
 .debug_frame   0x0000000000001024      0x860 Drivers/STM32F3xx_HAL_Driver/Src/stm32f3xx_hal_spi.o
 .debug_frame   0x0000000000001884     0x121c Drivers/STM32F3xx_HAL_Driver/Src/stm32f3xx_hal_tim.o
 .debug_frame   0x0000000000002aa0      0x688 Drivers/STM32F3xx_HAL_Driver/Src/stm32f3xx_hal_tim_ex.o
 .debug_frame   0x0000000000003128      0x2d0 NokiaLCD/stm32f4_pcd8544.o
 .debug_frame   0x00000000000033f8       0x2c c:/st/stm32cubeide_1.5.1/stm32cubeide/plugins/com.st.stm32cube.ide.mcu.externaltools.gnu-tools-for-stm32.7-2018-q2-update.win32_1.5.0.202011040924/tools/bin/../lib/gcc/arm-none-eabi/7.3.1/../../../../arm-none-eabi/lib/thumb/v7e-m/fpv4-sp/hard\libc_nano.a(lib_a-init.o)
 .debug_frame   0x0000000000003424       0x20 c:/st/stm32cubeide_1.5.1/stm32cubeide/plugins/com.st.stm32cube.ide.mcu.externaltools.gnu-tools-for-stm32.7-2018-q2-update.win32_1.5.0.202011040924/tools/bin/../lib/gcc/arm-none-eabi/7.3.1/../../../../arm-none-eabi/lib/thumb/v7e-m/fpv4-sp/hard\libc_nano.a(lib_a-memset.o)
