main.c:72:10:lfsrrand	4	static
main.c:80:6:newGameStart	16	static
main.c:107:9:checkSnakeCrash	4	static
main.c:112:6:updateLCD	40	static
main.c:156:6:loseDialog	8	static
main.c:165:6:HAL_GPIO_EXTI_Callback	16	static
main.c:354:6:HAL_TIM_PeriodElapsedCallback	24	static
main.c:434:5:main	8	static
main.c:485:6:SystemClock_Config	128	static
main.c:528:13:MX_SPI3_Init	8	static
main.c:568:13:MX_TIM1_Init	40	static
main.c:615:13:MX_GPIO_Init	40	static
main.c:672:6:Error_Handler	4	static,ignoring_inline_asm
