stm32f4_pcd8544.c:228:6:PCD8544_send	16	static
stm32f4_pcd8544.c:235:6:PCD8544_Pin	16	static
stm32f4_pcd8544.c:255:6:PCD8544_Init	16	static
stm32f4_pcd8544.c:290:6:PCD8544_Write	16	static
stm32f4_pcd8544.c:308:6:PCD8544_SetContrast	16	static
stm32f4_pcd8544.c:322:6:PCD8544_DrawPixel	16	static
stm32f4_pcd8544.c:331:6:PCD8544_Invert	16	static
stm32f4_pcd8544.c:339:6:PCD8544_Clear	16	static
stm32f4_pcd8544.c:351:6:PCD8544_Home	8	static
stm32f4_pcd8544.c:356:6:PCD8544_Refresh	16	static
stm32f4_pcd8544.c:382:6:PCD8544_UpdateArea	16	static
stm32f4_pcd8544.c:397:6:PCD8544_GotoXY	16	static
stm32f4_pcd8544.c:402:6:PCD8544_Putc	24	static
stm32f4_pcd8544.c:439:6:PCD8544_Puts	16	static
stm32f4_pcd8544.c:445:6:PCD8544_DrawLine	32	static
stm32f4_pcd8544.c:508:6:PCD8544_DrawRectangle	32	static
stm32f4_pcd8544.c:515:6:PCD8544_DrawFilledRectangle	32	static
stm32f4_pcd8544.c:521:6:PCD8544_DrawCircle	40	static
stm32f4_pcd8544.c:555:6:PCD8544_DrawFilledCircle	48	static
